---
source: src/main.rs
expression: result.shots
---
OutcomeArray {
    width: 8,
    array: [
        [
            120,
        ],
        [
            195,
        ],
        [
            195,
        ],
        [
            135,
        ],
        [
            105,
        ],
        [
            195,
        ],
        [
            120,
        ],
        [
            120,
        ],
        [
            195,
        ],
        [
            120,
        ],
    ],
}
