---
source: src/main.rs
expression: result.shots
---
OutcomeArray {
    width: 2,
    array: [
        [
            0,
        ],
        [
            128,
        ],
        [
            0,
        ],
        [
            128,
        ],
        [
            192,
        ],
        [
            192,
        ],
        [
            64,
        ],
        [
            64,
        ],
        [
            64,
        ],
        [
            192,
        ],
    ],
}
