---
source: src/main.rs
expression: result.shots
---
OutcomeArray {
    width: 10,
    array: [
        [
            210,
        ],
        [
            102,
        ],
        [
            154,
        ],
        [
            102,
        ],
        [
            153,
        ],
        [
            45,
        ],
        [
            209,
        ],
        [
            209,
        ],
        [
            153,
        ],
        [
            23,
        ],
    ],
}
